/home/bnd01/dev/2026/0217-jWic-plus/bbmnt01/jWic/de.jwic.controls/src_test/de/jwic/controls/chart/ChartTest.java
/home/bnd01/dev/2026/0217-jWic-plus/bbmnt01/jWic/de.jwic.controls/src_test/de/jwic/controls/chart/ScatterChartTest.java
/home/bnd01/dev/2026/0217-jWic-plus/bbmnt01/jWic/de.jwic.controls/src_test/de/jwic/base/XmlApplicationSetupTest.java
/home/bnd01/dev/2026/0217-jWic-plus/bbmnt01/jWic/de.jwic.controls/src_test/de/jwic/controls/InputBoxControlTest.java
/home/bnd01/dev/2026/0217-jWic-plus/bbmnt01/jWic/de.jwic.controls/src_test/de/jwic/controls/chart/DatenConverterTest.java
/home/bnd01/dev/2026/0217-jWic-plus/bbmnt01/jWic/de.jwic.controls/src_test/de/jwic/base/ControlTest.java
/home/bnd01/dev/2026/0217-jWic-plus/bbmnt01/jWic/de.jwic.controls/src_test/de/jwic/ecolib/controls/StackedContainerTest.java
/home/bnd01/dev/2026/0217-jWic-plus/bbmnt01/jWic/de.jwic.controls/src_test/de/jwic/test/JWicTestSuite.java
/home/bnd01/dev/2026/0217-jWic-plus/bbmnt01/jWic/de.jwic.controls/src_test/de/jwic/test/TestLauncher.java
/home/bnd01/dev/2026/0217-jWic-plus/bbmnt01/jWic/de.jwic.controls/src_test/de/jwic/controls/AnchorLinkControlTest.java
/home/bnd01/dev/2026/0217-jWic-plus/bbmnt01/jWic/de.jwic.controls/src_test/de/jwic/controls/ButtonControlTest.java
/home/bnd01/dev/2026/0217-jWic-plus/bbmnt01/jWic/de.jwic.controls/src_test/de/jwic/base/ControlMovementTest.java
